---
source: tui/src/chatwidget/tests/usage.rs
assertion_line: 303
expression: "states.join(\"\\n---\\n\")"
---
  Usage limit resets
  Checking your available resets...

›    Loading...

  Press enter to confirm or esc to go back
---
  Reset usage
  You still have 10% of your weekly limit left. Reset anyway?

› 1. Cancel (default)  Keep current usage and do not spend a reset.
  2. Reset usage       Spend 1 of 2 resets. This cannot be undone.

  Controls are briefly locked after opening to avoid accidental key repeats.
  Press enter to confirm or esc to go back
---
  Usage limit resets
  You don't have any usage limit resets available.

› 1. Close

  Press enter to confirm or esc to go back
---
  Usage limit resets
  Couldn't load usage limit resets. Please try again.

› 1. Close

  Press enter to confirm or esc to go back
---
  Usage limit resets
  Resetting your usage...

›    Using a reset...
---
  Usage limit resets
  Couldn't reset usage. Please try again.

› 1. Try again
  2. Close

  Press enter to confirm or esc to go back
---
  Usage limit resets
  Your usage does not need a reset right now.

› 1. Close

  Press enter to confirm or esc to go back
---
  Usage limit resets
  No usage limit resets are available.

› 1. Close

  Press enter to confirm or esc to go back
---
  Usage limit resets
  Usage reset. Checking your remaining resets...

›    Refreshing...
---
  Usage limit resets
  Usage reset. You have 1 usage limit reset left.

› 1. Close

  Press enter to confirm or esc to go back
