---
source: tui/src/chatwidget/tests/slash_commands.rs
assertion_line: 1918
expression: popup
---
  Select Pet
  Choose a pet to wake in the terminal.

  Type to filter pets...
  [ ] Random favorite each ses… Choose a fresh
                                favorite pet
                                when Codex
                                starts
      Disable terminal pets
  [ ] BSOD                      A tiny blue-
                                screen gremlin
› [ ] Codex                     The original
                                Codex                 Loading preview...
                                companion
  [ ] Dewey                     A tidy duck
                                for calm
                                workspace days
  [ ] Fireball                  Hot path
                                energy for
                                fast iteration
  [ ] Null Signal               Quiet signal
                                from the void
  [ ] Rocky                     A steady rock
                                when the diff
                                gets large

  Space toggles favorites; Enter selects.
  Press enter to confirm or esc to go back
